mvn : WARNING: A terminally deprecated method in sun.misc.Unsafe has been 
called
At line:1 char:1
+ mvn clean install -DskipTests > build_output.log 2>&1
+ ~~~~~~~~~~~~~~~~~~~~~~~~~~~~~~~~~~~~~~~~~~~~~~~~~~~~~
    + CategoryInfo          : NotSpecified: (WARNING: A term...has been call 
   ed:String) [], RemoteException
    + FullyQualifiedErrorId : NativeCommandError
 
WARNING: sun.misc.Unsafe::staticFieldBase has been called by 
com.google.inject.internal.aop.HiddenClassDefiner (file:/C:/Program%20Files/M
aven/apache-maven-3.9.11/lib/guice-5.1.0-classes.jar)
WARNING: Please consider reporting this to the maintainers of class 
com.google.inject.internal.aop.HiddenClassDefiner
WARNING: sun.misc.Unsafe::staticFieldBase will be removed in a future release
[INFO] Scanning for projects...
[INFO] 
[INFO] -----------------< com.intermediate:Blog-Application >------------------
[INFO] Building Blog-Application 0.0.1-SNAPSHOT
[INFO]   from pom.xml
[INFO] --------------------------------[ jar ]---------------------------------
[INFO] 
[INFO] --- clean:3.4.1:clean (default-clean) @ Blog-Application ---
[INFO] Deleting C:\SocialMediaBackend\Blog-Application\target
[INFO] 
[INFO] --- resources:3.3.1:resources (default-resources) @ Blog-Application ---
[INFO] Copying 1 resource from src\main\resources to target\classes
[INFO] Copying 0 resource from src\main\resources to target\classes
[INFO] 
[INFO] --- compiler:3.14.1:compile (default-compile) @ Blog-Application ---
[INFO] Recompiling the module because of changed source code.
[INFO] Compiling 86 source files with javac [debug parameters release 21] to target\classes
[INFO] -------------------------------------------------------------
[WARNING] COMPILATION WARNING : 
[INFO] -------------------------------------------------------------
[WARNING] /C:/SocialMediaBackend/Blog-Application/src/main/java/com/intermediate/Blog/Application/Exception/ResourceNotFoundException.java:[5,1] Generating equals/hashCode implementation but without a call to superclass, even though this class does not extend java.lang.Object. If this is intentional, add '@EqualsAndHashCode(callSuper=false)' to your type.
[INFO] 1 warning
[INFO] -------------------------------------------------------------
[INFO] -------------------------------------------------------------
[ERROR] COMPILATION ERROR : 
[INFO] -------------------------------------------------------------
[ERROR] /C:/SocialMediaBackend/Blog-Application/src/main/java/com/intermediate/Blog/Application/ServiceLayer/CommentServiceImpl.java:[78,31] no suitable constructor found for UserDto(long,java.lang.String,java.lang.String)
    constructor com.intermediate.Blog.Application.DtoLayers.UserDto.UserDto(java.lang.Long,java.lang.String,java.lang.String,com.intermediate.Blog.Application.Models.AccountVisibility) is not applicable
      (actual and formal argument lists differ in length)
    constructor com.intermediate.Blog.Application.DtoLayers.UserDto.UserDto() is not applicable
      (actual and formal argument lists differ in length)
[ERROR] /C:/SocialMediaBackend/Blog-Application/src/main/java/com/intermediate/Blog/Application/ServiceLayer/LikeServiceImpl.java:[88,30] no suitable constructor found for UserDto(long,java.lang.String,java.lang.String)
    constructor com.intermediate.Blog.Application.DtoLayers.UserDto.UserDto(java.lang.Long,java.lang.String,java.lang.String,com.intermediate.Blog.Application.Models.AccountVisibility) is not applicable
      (actual and formal argument lists differ in length)
    constructor com.intermediate.Blog.Application.DtoLayers.UserDto.UserDto() is not applicable
      (actual and formal argument lists differ in length)
[ERROR] /C:/SocialMediaBackend/Blog-Application/src/main/java/com/intermediate/Blog/Application/ServiceLayer/LikeServiceImpl.java:[93,25] incompatible types: inference variable T has incompatible bounds
    equality constraints: com.intermediate.Blog.Application.DtoLayers.UserDto
    lower bounds: java.lang.Object
[INFO] 3 errors 
[INFO] -------------------------------------------------------------
[INFO] ------------------------------------------------------------------------
[INFO] BUILD FAILURE
[INFO] ------------------------------------------------------------------------
[INFO] Total time:  5.463 s
[INFO] Finished at: 2026-03-12T20:41:55+05:30
[INFO] ------------------------------------------------------------------------
[ERROR] Failed to execute goal org.apache.maven.plugins:maven-compiler-plugin:3.14.1:compile (default-compile) on project Blog-Application: Compilation failure: Compilation failure: 
[ERROR] /C:/SocialMediaBackend/Blog-Application/src/main/java/com/intermediate/Blog/Application/ServiceLayer/CommentServiceImpl.java:[78,31] no suitable constructor found for UserDto(long,java.lang.String,java.lang.String)
[ERROR]     constructor com.intermediate.Blog.Application.DtoLayers.UserDto.UserDto(java.lang.Long,java.lang.String,java.lang.String,com.intermediate.Blog.Application.Models.AccountVisibility) is not applicable
[ERROR]       (actual and formal argument lists differ in length)
[ERROR]     constructor com.intermediate.Blog.Application.DtoLayers.UserDto.UserDto() is not applicable
[ERROR]       (actual and formal argument lists differ in length)
[ERROR] /C:/SocialMediaBackend/Blog-Application/src/main/java/com/intermediate/Blog/Application/ServiceLayer/LikeServiceImpl.java:[88,30] no suitable constructor found for UserDto(long,java.lang.String,java.lang.String)
[ERROR]     constructor com.intermediate.Blog.Application.DtoLayers.UserDto.UserDto(java.lang.Long,java.lang.String,java.lang.String,com.intermediate.Blog.Application.Models.AccountVisibility) is not applicable
[ERROR]       (actual and formal argument lists differ in length)
[ERROR]     constructor com.intermediate.Blog.Application.DtoLayers.UserDto.UserDto() is not applicable
[ERROR]       (actual and formal argument lists differ in length)
[ERROR] /C:/SocialMediaBackend/Blog-Application/src/main/java/com/intermediate/Blog/Application/ServiceLayer/LikeServiceImpl.java:[93,25] incompatible types: inference variable T has incompatible bounds
[ERROR]     equality constraints: com.intermediate.Blog.Application.DtoLayers.UserDto
[ERROR]     lower bounds: java.lang.Object
[ERROR] -> [Help 1]
[ERROR] 
[ERROR] To see the full stack trace of the errors, re-run Maven with the -e switch.
[ERROR] Re-run Maven using the -X switch to enable full debug logging.
[ERROR] 
[ERROR] For more information about the errors and possible solutions, please read the following articles:
[ERROR] [Help 1] http://cwiki.apache.org/confluence/display/MAVEN/MojoFailureException
